I'm sorry, but errors were detected in your script. Please correct the
errors listed below, and try again.


File "game/script.rpy", line 113: expected ':' not found.
    label badpath7
                  ^

Ren'Py Version: Ren'Py 8.2.3.24061702
Sat Jul 13 18:18:32 2024
